// Vitest Snapshot v1

exports[`Header test > should render with auto complete in searchbox 1`] = `
HTMLCollection [
  <form
    class="relative w-full"
  >
    <input
      aria-label="search"
      class="search--box"
      placeholder="Search Currency or Exchange"
      role="combobox"
      type="text"
      value="Bit"
    />
    <button
      class="absolute top-0 right-0"
      type="submit"
    >
      <svg
        fill="currentColor"
        height="1em"
        stroke="currentColor"
        stroke-width="0"
        viewBox="0 0 24 24"
        width="1em"
        xmlns="http://www.w3.org/2000/svg"
      >
        <path
          d="M0 0h24v24H0z"
          fill="none"
        />
        <path
          d="M15.5 14h-.79l-.28-.27A6.471 6.471 0 0016 9.5 6.5 6.5 0 109.5 16c1.61 0 3.09-.59 4.23-1.57l.27.28v.79l5 4.99L20.49 19l-4.99-5zm-6 0C7.01 14 5 11.99 5 9.5S7.01 5 9.5 5 14 7.01 14 9.5 11.99 14 9.5 14z"
        />
      </svg>
    </button>
    <ul
      aria-autocomplete="list"
      class="suggest--box"
      role="listbox"
    >
      <li
        class="suggest--box__option"
        role="option"
      >
        <div
          class="grid grid-cols-[25px_auto_auto] my-8 sm:my-3 mx-5 items-center"
        >
          <svg
            class="w-6 fill-[none]"
            data-crypto="bitcoin"
            data-testid="favorite-crypto"
            fill="none"
            stroke="currentColor"
            viewBox="0 0 24 24"
            xmlns="http://www.w3.org/2000/svg"
          >
            <path
              d="M11.049 2.927c.3-.921 1.603-.921 1.902 0l1.519 4.674a1 1 0 0 0 .95.69h4.915c.969 0 1.371 1.24.588 1.81l-3.976 2.888a1 1 0 0 0-.363 1.118l1.518 4.674c.3.922-.755 1.688-1.538 1.118l-3.976-2.888a1 1 0 0 0-1.176 0l-3.976 2.888c-.783.57-1.838-.197-1.538-1.118l1.518-4.674a1 1 0 0 0-.363-1.118l-3.976-2.888c-.784-.57-.38-1.81.588-1.81h4.914a1 1 0 0 0 .951-.69l1.519-4.674z"
              stroke-linecap="round"
              stroke-linejoin="round"
              stroke-width="2"
            />
          </svg>
          <img
            class="ml-4"
            height="25"
            src="https://assets.coingecko.com/coins/images/1/thumb/bitcoin.png"
            width="25"
          />
          <h3
            class="text-sm break-before-auto overflow-hidden ml-4"
          >
            Bitcoin
          </h3>
        </div>
      </li>
      <li
        class="suggest--box__option"
        role="option"
      >
        <div
          class="grid grid-cols-[25px_auto_auto] my-8 sm:my-3 mx-5 items-center"
        >
          <svg
            class="w-6 fill-[none]"
            data-crypto="wrapped-bitcoin"
            data-testid="favorite-crypto"
            fill="none"
            stroke="currentColor"
            viewBox="0 0 24 24"
            xmlns="http://www.w3.org/2000/svg"
          >
            <path
              d="M11.049 2.927c.3-.921 1.603-.921 1.902 0l1.519 4.674a1 1 0 0 0 .95.69h4.915c.969 0 1.371 1.24.588 1.81l-3.976 2.888a1 1 0 0 0-.363 1.118l1.518 4.674c.3.922-.755 1.688-1.538 1.118l-3.976-2.888a1 1 0 0 0-1.176 0l-3.976 2.888c-.783.57-1.838-.197-1.538-1.118l1.518-4.674a1 1 0 0 0-.363-1.118l-3.976-2.888c-.784-.57-.38-1.81.588-1.81h4.914a1 1 0 0 0 .951-.69l1.519-4.674z"
              stroke-linecap="round"
              stroke-linejoin="round"
              stroke-width="2"
            />
          </svg>
          <img
            class="ml-4"
            height="25"
            src="https://assets.coingecko.com/coins/images/7598/thumb/wrapped_bitcoin_wbtc.png"
            width="25"
          />
          <h3
            class="text-sm break-before-auto overflow-hidden ml-4"
          >
            Wrapped Bitcoin
          </h3>
        </div>
      </li>
      <li
        class="suggest--box__option"
        role="option"
      >
        <div
          class="grid grid-cols-[25px_auto_auto] my-8 sm:my-3 mx-5 items-center"
        >
          <svg
            class="w-6 fill-[none]"
            data-crypto="bitcoin-cash"
            data-testid="favorite-crypto"
            fill="none"
            stroke="currentColor"
            viewBox="0 0 24 24"
            xmlns="http://www.w3.org/2000/svg"
          >
            <path
              d="M11.049 2.927c.3-.921 1.603-.921 1.902 0l1.519 4.674a1 1 0 0 0 .95.69h4.915c.969 0 1.371 1.24.588 1.81l-3.976 2.888a1 1 0 0 0-.363 1.118l1.518 4.674c.3.922-.755 1.688-1.538 1.118l-3.976-2.888a1 1 0 0 0-1.176 0l-3.976 2.888c-.783.57-1.838-.197-1.538-1.118l1.518-4.674a1 1 0 0 0-.363-1.118l-3.976-2.888c-.784-.57-.38-1.81.588-1.81h4.914a1 1 0 0 0 .951-.69l1.519-4.674z"
              stroke-linecap="round"
              stroke-linejoin="round"
              stroke-width="2"
            />
          </svg>
          <img
            class="ml-4"
            height="25"
            src="https://assets.coingecko.com/coins/images/780/thumb/bitcoin-cash-circle.png"
            width="25"
          />
          <h3
            class="text-sm break-before-auto overflow-hidden ml-4"
          >
            Bitcoin Cash
          </h3>
        </div>
      </li>
      <li
        class="suggest--box__option"
        role="option"
      >
        <div
          class="grid grid-cols-[25px_auto_auto] my-8 sm:my-3 mx-5 items-center"
        >
          <svg
            class="w-6 fill-[none]"
            data-crypto="bitcoin-cash-sv"
            data-testid="favorite-crypto"
            fill="none"
            stroke="currentColor"
            viewBox="0 0 24 24"
            xmlns="http://www.w3.org/2000/svg"
          >
            <path
              d="M11.049 2.927c.3-.921 1.603-.921 1.902 0l1.519 4.674a1 1 0 0 0 .95.69h4.915c.969 0 1.371 1.24.588 1.81l-3.976 2.888a1 1 0 0 0-.363 1.118l1.518 4.674c.3.922-.755 1.688-1.538 1.118l-3.976-2.888a1 1 0 0 0-1.176 0l-3.976 2.888c-.783.57-1.838-.197-1.538-1.118l1.518-4.674a1 1 0 0 0-.363-1.118l-3.976-2.888c-.784-.57-.38-1.81.588-1.81h4.914a1 1 0 0 0 .951-.69l1.519-4.674z"
              stroke-linecap="round"
              stroke-linejoin="round"
              stroke-width="2"
            />
          </svg>
          <img
            class="ml-4"
            height="25"
            src="https://assets.coingecko.com/coins/images/6799/thumb/BSV.png"
            width="25"
          />
          <h3
            class="text-sm break-before-auto overflow-hidden ml-4"
          >
            Bitcoin SV
          </h3>
        </div>
      </li>
    </ul>
  </form>,
]
`;
