// Vitest Snapshot v1

exports[`Portfolio page > should render portfolio user table 1`] = `
HTMLCollection [
  <section
    class="flex items-center mt-8 w-10/12 mb-2 md:mb-5 md:mt-10 "
  >
    <h3
      class="text-xs text-left items-start md:text-base"
    >
      Your Portfolio
    </h3>
  </section>,
  <section
    class="overflow-x-scroll 
 sm:overflow-x-auto sm:w-10/12 mb-10"
  >
    <table
      class="bg-[#DEDEDE]  rounded-md table-auto w-full"
    >
      <thead
        class="border-b-[2px] border-[#4d51bb]"
      >
        <tr>
          <td
            class="table--head px-0 w-5 h-auto"
          />
          <td
            class="table--head px-3 text-left"
          >
            #
          </td>
          <td
            class="table--head pl-[32px]"
          >
            Coin
          </td>
          <td
            class="table--head min-w-[170px]"
          >
            Price
          </td>
          <td
            class="table--head"
          >
            1h
          </td>
          <td
            class="table--head"
          >
            24h
          </td>
          <td
            class="table--head"
          >
            7d
          </td>
          <td
            class="table--head"
          >
            Market Cap.
          </td>
        </tr>
      </thead>
      <tbody>
        <tr
          class="table--body__line pt-4"
        >
          <td
            class="table--body w-[35px] mr-15"
          >
            <span>
              <svg
                class="w-5 fill-purple-neko"
                data-crypto="bitcoin"
                data-testid="favorite-crypto"
                fill="none"
                stroke="currentColor"
                viewBox="0 0 24 24"
                xmlns="http://www.w3.org/2000/svg"
              >
                <path
                  d="M11.049 2.927c.3-.921 1.603-.921 1.902 0l1.519 4.674a1 1 0 0 0 .95.69h4.915c.969 0 1.371 1.24.588 1.81l-3.976 2.888a1 1 0 0 0-.363 1.118l1.518 4.674c.3.922-.755 1.688-1.538 1.118l-3.976-2.888a1 1 0 0 0-1.176 0l-3.976 2.888c-.783.57-1.838-.197-1.538-1.118l1.518-4.674a1 1 0 0 0-.363-1.118l-3.976-2.888c-.784-.57-.38-1.81.588-1.81h4.914a1 1 0 0 0 .951-.69l1.519-4.674z"
                  stroke-linecap="round"
                  stroke-linejoin="round"
                  stroke-width="2"
                />
              </svg>
            </span>
          </td>
          <td
            class="table--body text-left
 text-dark-purple-neko font-bold overflow-scroll sm:overflow-auto pl-3 "
          >
            1
          </td>
          <td
            class="table--body table--body__coin"
          >
            <section
              class="grid grid-cols-[auto_1fr] auto-rows-max"
            >
              <img
                alt="Bitcoin"
                class="mx-auto mt-auto"
                height="25"
                src="https://assets.coingecko.com/coins/images/1/thumb/bitcoin.png?1547033579"
                style="user-select: none;"
                width="25"
              />
              <a
                class="row-span-2 w-max flex 
 items-center pl-3 max-w-[150px] font-bold 
 break-words overflow-scroll sm:overflow-hidden"
                style="user-select: none;"
              >
                Bitcoin
              </a>
              <p
                class="text-[10px] text-center 
 text-dark-purple-neko font-bold max-w-[auto] break-words"
              >
                BTC
              </p>
            </section>
          </td>
          <td
            class="table--body overflow-scroll sm:overflow-auto"
          >
            $22,610.00
          </td>
          <td
            class="table--body  text-red-600"
          >
            0.00
            %
          </td>
          <td
            class="table--body  text-red-600"
          >
            -1.64
            %
          </td>
          <td
            class="table--body  text-red-600"
          >
            0.00
            %
          </td>
          <td
            class="table--body"
          >
            $435,679,436,196.00
          </td>
        </tr>
        <tr
          class="table--body__line pt-4"
        >
          <td
            class="table--body w-[35px] mr-15"
          >
            <span>
              <svg
                class="w-5 fill-purple-neko"
                data-crypto="ethereum"
                data-testid="favorite-crypto"
                fill="none"
                stroke="currentColor"
                viewBox="0 0 24 24"
                xmlns="http://www.w3.org/2000/svg"
              >
                <path
                  d="M11.049 2.927c.3-.921 1.603-.921 1.902 0l1.519 4.674a1 1 0 0 0 .95.69h4.915c.969 0 1.371 1.24.588 1.81l-3.976 2.888a1 1 0 0 0-.363 1.118l1.518 4.674c.3.922-.755 1.688-1.538 1.118l-3.976-2.888a1 1 0 0 0-1.176 0l-3.976 2.888c-.783.57-1.838-.197-1.538-1.118l1.518-4.674a1 1 0 0 0-.363-1.118l-3.976-2.888c-.784-.57-.38-1.81.588-1.81h4.914a1 1 0 0 0 .951-.69l1.519-4.674z"
                  stroke-linecap="round"
                  stroke-linejoin="round"
                  stroke-width="2"
                />
              </svg>
            </span>
          </td>
          <td
            class="table--body text-left
 text-dark-purple-neko font-bold overflow-scroll sm:overflow-auto pl-3 "
          >
            2
          </td>
          <td
            class="table--body table--body__coin"
          >
            <section
              class="grid grid-cols-[auto_1fr] auto-rows-max"
            >
              <img
                alt="Ethereum"
                class="mx-auto mt-auto"
                height="25"
                src="https://assets.coingecko.com/coins/images/279/thumb/ethereum.png?1595348880"
                style="user-select: none;"
                width="25"
              />
              <a
                class="row-span-2 w-max flex 
 items-center pl-3 max-w-[150px] font-bold 
 break-words overflow-scroll sm:overflow-hidden"
                style="user-select: none;"
              >
                Ethereum
              </a>
              <p
                class="text-[10px] text-center 
 text-dark-purple-neko font-bold max-w-[auto] break-words"
              >
                ETH
              </p>
            </section>
          </td>
          <td
            class="table--body overflow-scroll sm:overflow-auto"
          >
            $1,554.99
          </td>
          <td
            class="table--body  text-red-600"
          >
            0.00
            %
          </td>
          <td
            class="table--body  text-red-600"
          >
            -4.72
            %
          </td>
          <td
            class="table--body  text-red-600"
          >
            0.00
            %
          </td>
          <td
            class="table--body"
          >
            $187,270,576,773.00
          </td>
        </tr>
        <tr
          class="table--body__line pt-4"
        >
          <td
            class="table--body w-[35px] mr-15"
          >
            <span>
              <svg
                class="w-5 fill-purple-neko"
                data-crypto="banano"
                data-testid="favorite-crypto"
                fill="none"
                stroke="currentColor"
                viewBox="0 0 24 24"
                xmlns="http://www.w3.org/2000/svg"
              >
                <path
                  d="M11.049 2.927c.3-.921 1.603-.921 1.902 0l1.519 4.674a1 1 0 0 0 .95.69h4.915c.969 0 1.371 1.24.588 1.81l-3.976 2.888a1 1 0 0 0-.363 1.118l1.518 4.674c.3.922-.755 1.688-1.538 1.118l-3.976-2.888a1 1 0 0 0-1.176 0l-3.976 2.888c-.783.57-1.838-.197-1.538-1.118l1.518-4.674a1 1 0 0 0-.363-1.118l-3.976-2.888c-.784-.57-.38-1.81.588-1.81h4.914a1 1 0 0 0 .951-.69l1.519-4.674z"
                  stroke-linecap="round"
                  stroke-linejoin="round"
                  stroke-width="2"
                />
              </svg>
            </span>
          </td>
          <td
            class="table--body text-left
 text-dark-purple-neko font-bold overflow-scroll sm:overflow-auto pl-3 "
          >
            986
          </td>
          <td
            class="table--body table--body__coin"
          >
            <section
              class="grid grid-cols-[auto_1fr] auto-rows-max"
            >
              <img
                alt="Banano"
                class="mx-auto mt-auto"
                height="25"
                src="https://assets.coingecko.com/coins/images/6226/thumb/banano-transparent.png?1619589798"
                style="user-select: none;"
                width="25"
              />
              <a
                class="row-span-2 w-max flex 
 items-center pl-3 max-w-[150px] font-bold 
 break-words overflow-scroll sm:overflow-hidden"
                style="user-select: none;"
              >
                Banano
              </a>
              <p
                class="text-[10px] text-center 
 text-dark-purple-neko font-bold max-w-[auto] break-words"
              >
                BAN
              </p>
            </section>
          </td>
          <td
            class="table--body overflow-scroll sm:overflow-auto"
          >
            $0.01
          </td>
          <td
            class="table--body  text-red-600"
          >
            0.00
            %
          </td>
          <td
            class="table--body  text-red-600"
          >
            -3.22
            %
          </td>
          <td
            class="table--body  text-red-600"
          >
            0.00
            %
          </td>
          <td
            class="table--body"
          >
            $8,085,844.00
          </td>
        </tr>
      </tbody>
    </table>
  </section>,
]
`;
